// Jest Snapshot v1, https://goo.gl/fbAQLP

exports[`Tabs Component closes the first tab and opens any clicked tab 1`] = `
<div>
  <button
    key="0"
    onClick={[Function]}
  >
    First tab
  </button>
  <button
    key="1"
    onClick={[Function]}
  >
    Second tab
  </button>
  <button
    key="2"
    onClick={[Function]}
  >
    Third tab
  </button>
  <div
    className="content"
  />
</div>
`;

exports[`Tabs Component renders empty given no tabs 1`] = `<div />`;

exports[`Tabs Component renders the first tab by dfault 1`] = `
<div>
  <button
    key="0"
    onClick={[Function]}
  >
    First tab
  </button>
  <button
    key="1"
    onClick={[Function]}
  >
    Second tab
  </button>
  <button
    key="2"
    onClick={[Function]}
  >
    Third tab
  </button>
  <div
    className="content"
  />
</div>
`;
